<html>
<body>
<pre>
<h1>µVision Build Log</h1>
<h2>Tool Versions:</h2>
IDE-Version: ¦ÌVision V5.41.0.0
Copyright (C) 2024 ARM Ltd and ARM Germany GmbH. All rights reserved.
License Information: senkin senkin7853@Gmail.com, Astroceta, LIC=CZLZX-HSU7Z-Z9GG9-4H358-4IUF9-VG5GD
 
Tool Versions:
Toolchain:       MDK-ARM Plus  Version: 5.41.0.0
Toolchain Path:  C:\Users\senki\AppData\Local\Keil_v5\ARM\ACC5\Bin
C Compiler:      Armcc.exe V5.06 update 7 (build 960)
Assembler:       Armasm.exe V5.06 update 7 (build 960)
Linker/Locator:  ArmLink.exe V5.06 update 7 (build 960)
Library Manager: ArmAr.exe V5.06 update 7 (build 960)
Hex Converter:   FromElf.exe V5.06 update 7 (build 960)
CPU DLL:         SARMCM3.DLL V5.41.0.0
Dialog DLL:      DCM.DLL V1.17.5.0
Target DLL:      Segger\JL2CM3.dll V2.99.45.0
Dialog DLL:      TCM.DLL V1.56.4.0
 
<h2>Project:</h2>
D:\Space\Work\rebuildcpr\MDK-ARM\CprSensor.uvprojx
Project File Date:  04/11/2026

<h2>Output:</h2>
*** Using Compiler 'V5.06 update 7 (build 960)', folder: 'C:\Users\senki\AppData\Local\Keil_v5\ARM\ACC5\Bin'
Build target 'CprSensor'
compiling spi.c...
compiling stm32f1xx_hal_timebase_tim.c...
compiling stm32f1xx_hal_gpio_ex.c...
compiling main.c...
compiling i2c.c...
compiling usbd_cdc_if.c...
compiling gpio.c...
compiling stm32f1xx_ll_usb.c...
compiling usb_device.c...
compiling tim.c...
compiling stm32f1xx_hal_rcc_ex.c...
compiling iwdg.c...
compiling stm32f1xx_it.c...
compiling stm32f1xx_hal_msp.c...
compiling rtc.c...
compiling stm32f1xx_hal.c...
compiling stm32f1xx_hal_pcd.c...
compiling stm32f1xx_hal_gpio.c...
compiling dma.c...
compiling freertos.c...
compiling croutine.c...
compiling usart.c...
compiling usbd_desc.c...
compiling adc.c...
compiling stm32f1xx_hal_cortex.c...
compiling usbd_conf.c...
compiling stm32f1xx_hal_pcd_ex.c...
compiling stm32f1xx_hal_flash.c...
compiling stm32f1xx_hal_exti.c...
compiling event_groups.c...
compiling list.c...
compiling stm32f1xx_hal_pwr.c...
compiling stm32f1xx_hal_flash_ex.c...
compiling stm32f1xx_hal_adc_ex.c...
compiling stm32f1xx_hal_dma.c...
compiling queue.c...
compiling stm32f1xx_hal_iwdg.c...
compiling stm32f1xx_hal_rcc.c...
compiling stm32f1xx_hal_adc.c...
compiling stm32f1xx_hal_rtc.c...
compiling stream_buffer.c...
compiling stm32f1xx_hal_i2c.c...
compiling stm32f1xx_hal_rtc_ex.c...
compiling timers.c...
compiling tasks.c...
compiling stm32f1xx_hal_spi.c...
compiling heap_4.c...
compiling cmsis_os2.c...
compiling port.c...
compiling bsp_rtt.c...
compiling system_stm32f1xx.c...
compiling stm32f1xx_hal_uart.c...
compiling stm32f1xx_hal_tim_ex.c...
compiling stm32f1xx_hal_tim.c...
compiling lsm6_port.c...
compiling log_port.c...
compiling manager.c...
compiling usbd_core.c...
compiling power.c...
compiling usbd_ctlreq.c...
compiling selfcheck.c...
compiling usbd_ioreq.c...
compiling update.c...
compiling usbd_cdc.c...
compiling drviic_port.c...
compiling systask.c...
compiling drvspi_port.c...
compiling drviic.c...
compiling drvspi.c...
compiling drvuart_port.c...
compiling drvgpio_port.c...
compiling drvuart.c...
compiling drvadc_port.c...
compiling drvgpio.c...
compiling w25qxxx_port.c...
compiling drvusb_port.c...
compiling drvadc.c...
compiling mpu6050_port.c...
compiling drvusb.c...
compiling tm1651_port.c...
compiling pca9535_port.c...
compiling rtos.c...
compiling log.c...
compiling SEGGER_RTT.c...
compiling w25qxxx.c...
compiling mpu6050.c...
compiling pca9535.c...
compiling rtos_port.c...
compiling tm1651.c...
compiling lsm6.c...
compiling ringbuffer.c...
compiling system.c...
linking...
Program Size: Code=60472 RO-data=1228 RW-data=584 ZI-data=33840  
FromELF: creating hex file...
"CprSensor\CprSensor.axf" - 0 Error(s), 0 Warning(s).

<h2>Software Packages used:</h2>

Package Vendor: ARM
                https://www.keil.com/pack/ARM.CMSIS.6.1.0.pack
                ARM::CMSIS@6.1.0
                CMSIS (Common Microcontroller Software Interface Standard)
   * Component: CORE Version: 6.1.0

Package Vendor: Keil
                http://www.keil.com/pack/Keil.STM32F1xx_DFP.2.3.0.pack
                Keil::STM32F1xx_DFP@2.3.0
                STMicroelectronics STM32F1 Series Device Support, Drivers and Examples

<h2>Collection of Component include folders:</h2>
  ./RTE/_CprSensor
  C:/Users/senki/AppData/Local/Arm/Packs/ARM/CMSIS/6.1.0/CMSIS/Core/Include
  C:/Users/senki/AppData/Local/Arm/Packs/Keil/STM32F1xx_DFP/2.3.0/Device/Include

<h2>Collection of Component Files used:</h2>

   * Component: ARM::CMSIS:CORE@6.1.0
      Include file:  CMSIS/Core/Include/tz_context.h
Build Time Elapsed:  00:00:07
</pre>
</body>
</html>
